main.c:158:5:main	16	static
main.c:337:6:SystemClock_Config	176	static
main.c:401:13:MX_NVIC_Init	8	static
main.c:413:13:MX_ADC1_Init	24	static
main.c:463:13:MX_DAC_Init	16	static
main.c:501:13:MX_DFSDM1_Init	8	static
main.c:539:13:MX_DFSDM2_Init	8	static
main.c:594:13:MX_FMPI2C1_Init	8	static
main.c:634:13:MX_I2C2_Init	8	static
main.c:668:13:MX_I2S2_Init	8	static
main.c:702:13:MX_QUADSPI_Init	8	static
main.c:737:13:MX_SDIO_SD_Init	8	static
main.c:773:13:MX_UART10_Init	8	static
main.c:806:13:MX_USART6_UART_Init	8	static
main.c:839:13:MX_GPIO_Init	64	static
main.c:982:13:MX_FSMC_Init	40	static
main.c:1081:6:StartBlink01	16	static
main.c:1102:6:StartBlink02	16	static
main.c:1121:6:StartButtonPoll	24	static
main.c:1144:6:StartDisplayImage	16	static
main.c:1169:6:StartDisplayNoteLetters	16	static
main.c:1192:6:HAL_TIM_PeriodElapsedCallback	16	static
main.c:1209:6:Error_Handler	4	static
