main.c:150:5:main	16	static
main.c:349:6:SystemClock_Config	176	static
main.c:413:13:MX_NVIC_Init	8	static
main.c:425:13:MX_ADC1_Init	24	static
main.c:475:13:MX_DAC_Init	16	static
main.c:513:13:MX_DFSDM1_Init	8	static
main.c:551:13:MX_DFSDM2_Init	8	static
main.c:606:13:MX_FMPI2C1_Init	8	static
main.c:646:13:MX_I2C2_Init	8	static
main.c:680:13:MX_I2S2_Init	8	static
main.c:714:13:MX_QUADSPI_Init	8	static
main.c:749:13:MX_SDIO_SD_Init	8	static
main.c:785:13:MX_UART10_Init	8	static
main.c:818:13:MX_USART6_UART_Init	8	static
main.c:851:13:MX_GPIO_Init	64	static
main.c:994:13:MX_FSMC_Init	40	static
main.c:1093:6:StartBlink01	16	static
main.c:1114:6:StartBlink02	16	static
main.c:1133:6:StartButtonPoll	24	static
main.c:1156:6:StartDisplayImage	16	static
main.c:1214:6:HAL_TIM_PeriodElapsedCallback	16	static
main.c:1231:6:Error_Handler	4	static
