stm32f4xx_hal_msp.c:64:6:HAL_MspInit	16	static
stm32f4xx_hal_msp.c:86:6:HAL_ADC_MspInit	56	static
stm32f4xx_hal_msp.c:136:6:HAL_ADC_MspDeInit	16	static
stm32f4xx_hal_msp.c:173:6:HAL_DAC_MspInit	48	static
stm32f4xx_hal_msp.c:209:6:HAL_DAC_MspDeInit	16	static
stm32f4xx_hal_msp.c:241:6:HAL_DFSDM_ChannelMspInit	64	static
stm32f4xx_hal_msp.c:328:6:HAL_DFSDM_ChannelMspDeInit	16	static
stm32f4xx_hal_msp.c:390:6:HAL_FMPI2C_MspInit	48	static
stm32f4xx_hal_msp.c:426:6:HAL_FMPI2C_MspDeInit	16	static
stm32f4xx_hal_msp.c:455:6:HAL_I2C_MspInit	48	static
stm32f4xx_hal_msp.c:491:6:HAL_I2C_MspDeInit	16	static
stm32f4xx_hal_msp.c:522:6:HAL_I2S_MspInit	56	static
stm32f4xx_hal_msp.c:592:6:HAL_I2S_MspDeInit	16	static
stm32f4xx_hal_msp.c:630:6:HAL_QSPI_MspInit	64	static
stm32f4xx_hal_msp.c:702:6:HAL_QSPI_MspDeInit	16	static
stm32f4xx_hal_msp.c:743:6:HAL_SD_MspInit	48	static
stm32f4xx_hal_msp.c:792:6:HAL_SD_MspDeInit	16	static
stm32f4xx_hal_msp.c:828:6:HAL_UART_MspInit	56	static
stm32f4xx_hal_msp.c:888:6:HAL_UART_MspDeInit	16	static
stm32f4xx_hal_msp.c:931:13:HAL_FSMC_MspInit	32	static
stm32f4xx_hal_msp.c:1026:6:HAL_SRAM_MspInit	16	static
stm32f4xx_hal_msp.c:1038:13:HAL_FSMC_MspDeInit	8	static
stm32f4xx_hal_msp.c:1111:6:HAL_SRAM_MspDeInit	16	static
