stm32f413h_discovery_audio.c:220:9:BSP_AUDIO_OUT_Init	64	static
stm32f413h_discovery_audio.c:279:9:BSP_AUDIO_OUT_Play	16	static
stm32f413h_discovery_audio.c:300:6:BSP_AUDIO_OUT_ChangeBuffer	16	static
stm32f413h_discovery_audio.c:313:9:BSP_AUDIO_OUT_Pause	8	static
stm32f413h_discovery_audio.c:337:9:BSP_AUDIO_OUT_Resume	8	static
stm32f413h_discovery_audio.c:365:9:BSP_AUDIO_OUT_Stop	16	static
stm32f413h_discovery_audio.c:393:9:BSP_AUDIO_OUT_SetVolume	16	static
stm32f413h_discovery_audio.c:413:9:BSP_AUDIO_OUT_SetMute	16	static
stm32f413h_discovery_audio.c:434:9:BSP_AUDIO_OUT_SetOutputMode	16	static
stm32f413h_discovery_audio.c:455:6:BSP_AUDIO_OUT_SetFrequency	16	static
stm32f413h_discovery_audio.c:474:6:BSP_AUDIO_OUT_DeInit	8	static
stm32f413h_discovery_audio.c:485:6:HAL_I2S_TxCpltCallback	16	static
stm32f413h_discovery_audio.c:496:6:HAL_I2S_TxHalfCpltCallback	16	static
stm32f413h_discovery_audio.c:507:6:HAL_I2S_ErrorCallback	16	static
stm32f413h_discovery_audio.c:515:13:BSP_AUDIO_OUT_TransferComplete_CallBack	4	static
stm32f413h_discovery_audio.c:522:13:BSP_AUDIO_OUT_HalfTransfer_CallBack	4	static
stm32f413h_discovery_audio.c:529:13:BSP_AUDIO_OUT_Error_CallBack	4	static
stm32f413h_discovery_audio.c:538:13:BSP_AUDIO_OUT_MspInit	64	static
stm32f413h_discovery_audio.c:620:13:BSP_AUDIO_OUT_MspDeInit	40	static
stm32f413h_discovery_audio.c:667:13:BSP_AUDIO_OUT_ClockConfig	112	static
stm32f413h_discovery_audio.c:728:13:I2Sx_Out_Init	16	static
stm32f413h_discovery_audio.c:756:13:I2Sx_Out_DeInit	8	static
stm32f413h_discovery_audio.c:783:9:BSP_AUDIO_IN_Init	24	static
stm32f413h_discovery_audio.c:796:9:BSP_AUDIO_IN_InitEx	80	static
stm32f413h_discovery_audio.c:896:6:BSP_AUDIO_IN_DeInit	8	static
stm32f413h_discovery_audio.c:920:9:BSP_AUDIO_IN_ConfigMicDefault	240	static,ignoring_inline_asm
stm32f413h_discovery_audio.c:1015:16:BSP_AUDIO_IN_ConfigDigitalMic	16	static
stm32f413h_discovery_audio.c:1031:9:BSP_AUDIO_IN_AllocScratch	24	static
stm32f413h_discovery_audio.c:1052:9:BSP_AUDIO_IN_Record	48	static,ignoring_inline_asm
stm32f413h_discovery_audio.c:1092:9:BSP_AUDIO_IN_RecordEx	208	static,ignoring_inline_asm
stm32f413h_discovery_audio.c:1166:13:I2Sx_In_MspInit	48	static
stm32f413h_discovery_audio.c:1231:13:I2Sx_In_MspDeInit	32	static
stm32f413h_discovery_audio.c:1262:13:BSP_AUDIO_IN_MspInit	16	static
stm32f413h_discovery_audio.c:1285:13:BSP_AUDIO_IN_MspDeInit	16	static
stm32f413h_discovery_audio.c:1312:16:BSP_AUDIO_IN_ClockConfig	104	static
stm32f413h_discovery_audio.c:1384:6:HAL_DFSDM_FilterRegConvCpltCallback	120	static,ignoring_inline_asm
stm32f413h_discovery_audio.c:1458:6:HAL_DFSDM_FilterRegConvHalfCpltCallback	120	static,ignoring_inline_asm
stm32f413h_discovery_audio.c:1533:6:HAL_I2S_RxHalfCpltCallback	16	static
stm32f413h_discovery_audio.c:1544:6:HAL_I2S_RxCpltCallback	16	static
stm32f413h_discovery_audio.c:1554:9:BSP_AUDIO_IN_Stop	8	static
stm32f413h_discovery_audio.c:1598:9:BSP_AUDIO_IN_StopEx	16	static
stm32f413h_discovery_audio.c:1617:9:BSP_AUDIO_IN_Pause	24	static,ignoring_inline_asm
stm32f413h_discovery_audio.c:1646:9:BSP_AUDIO_IN_PauseEx	24	static,ignoring_inline_asm
stm32f413h_discovery_audio.c:1668:9:BSP_AUDIO_IN_Resume	40	static,ignoring_inline_asm
stm32f413h_discovery_audio.c:1698:9:BSP_AUDIO_IN_ResumeEx	32	static,ignoring_inline_asm
stm32f413h_discovery_audio.c:1722:9:BSP_AUDIO_IN_SetVolume	16	static
stm32f413h_discovery_audio.c:1734:13:BSP_AUDIO_IN_TransferComplete_CallBack	4	static
stm32f413h_discovery_audio.c:1744:13:BSP_AUDIO_IN_HalfTransfer_CallBack	4	static
stm32f413h_discovery_audio.c:1755:13:BSP_AUDIO_IN_TransferComplete_CallBackEx	16	static
stm32f413h_discovery_audio.c:1766:13:BSP_AUDIO_IN_HalfTransfer_CallBackEx	16	static
stm32f413h_discovery_audio.c:1776:13:BSP_AUDIO_IN_Error_Callback	4	static
stm32f413h_discovery_audio.c:1794:16:DFSDMx_DeInit	16	static
stm32f413h_discovery_audio.c:1821:13:DFSDMx_ChannelMspInit	56	static
stm32f413h_discovery_audio.c:1883:13:DFSDMx_ChannelMspDeInit	32	static
stm32f413h_discovery_audio.c:1924:13:DFSDMx_FilterMspInit	176	static,ignoring_inline_asm
stm32f413h_discovery_audio.c:1995:13:DFSDMx_FilterMspDeInit	16	static
stm32f413h_discovery_audio.c:2013:13:I2Sx_In_Init	16	static
stm32f413h_discovery_audio.c:2055:13:I2Sx_In_DeInit	8	static
