stm32f413h_discovery_qspi.c:114:9:BSP_QSPI_Init	16	static,ignoring_inline_asm
stm32f413h_discovery_qspi.c:161:9:BSP_QSPI_DeInit	8	static
stm32f413h_discovery_qspi.c:184:9:BSP_QSPI_Read	80	static
stm32f413h_discovery_qspi.c:230:9:BSP_QSPI_Write	96	static
stm32f413h_discovery_qspi.c:304:9:BSP_QSPI_Erase_Block	72	static
stm32f413h_discovery_qspi.c:346:9:BSP_QSPI_Erase_Chip	64	static
stm32f413h_discovery_qspi.c:386:9:BSP_QSPI_GetStatus	72	static
stm32f413h_discovery_qspi.c:439:9:BSP_QSPI_GetInfo	16	static
stm32f413h_discovery_qspi.c:455:9:BSP_QSPI_EnableMemoryMappedMode	72	static
stm32f413h_discovery_qspi.c:492:13:BSP_QSPI_MspInit	64	static
stm32f413h_discovery_qspi.c:563:13:BSP_QSPI_MspDeInit	16	static
stm32f413h_discovery_qspi.c:601:16:QSPI_ResetMemory	72	static
stm32f413h_discovery_qspi.c:642:16:QSPI_DummyCyclesCfg	88	static,ignoring_inline_asm
stm32f413h_discovery_qspi.c:700:16:QSPI_WriteEnable	96	static
stm32f413h_discovery_qspi.c:745:16:QSPI_AutoPollingMemReady	96	static
