stm32f413h_discovery.c:179:10:BSP_GetVersion	4	static
stm32f413h_discovery.c:191:6:BSP_LED_Init	48	static
stm32f413h_discovery.c:212:6:BSP_LED_DeInit	40	static
stm32f413h_discovery.c:231:6:BSP_LED_On	16	static
stm32f413h_discovery.c:243:6:BSP_LED_Off	16	static
stm32f413h_discovery.c:255:6:BSP_LED_Toggle	16	static
stm32f413h_discovery.c:271:6:BSP_PB_Init	40	static
stm32f413h_discovery.c:312:6:BSP_PB_DeInit	40	static
stm32f413h_discovery.c:329:10:BSP_PB_GetState	16	static
stm32f413h_discovery.c:342:6:BSP_COM_Init	48	static
stm32f413h_discovery.c:380:6:BSP_COM_DeInit	16	static
stm32f413h_discovery.c:406:13:FMPI2Cx_MspInit	48	static
stm32f413h_discovery.c:452:13:FMPI2Cx_Init	16	static
stm32f413h_discovery.c:482:26:FMPI2Cx_ReadMultiple	48	static
stm32f413h_discovery.c:512:26:FMPI2Cx_WriteMultiple	48	static
stm32f413h_discovery.c:538:13:FMPI2Cx_Error	16	static
stm32f413h_discovery.c:551:14:FMPI2Cx_DeInit	16	static
stm32f413h_discovery.c:565:13:FMC_BANK3_MspInit	48	static
stm32f413h_discovery.c:610:13:FMC_BANK3_Init	120	static
stm32f413h_discovery.c:656:13:FMC_BANK3_WriteData	16	static,ignoring_inline_asm
stm32f413h_discovery.c:667:13:FMC_BANK3_WriteReg	16	static,ignoring_inline_asm
stm32f413h_discovery.c:678:17:FMC_BANK3_ReadData	4	static
stm32f413h_discovery.c:691:6:LCD_IO_Init	8	static
stm32f413h_discovery.c:700:6:LCD_IO_WriteData	16	static
stm32f413h_discovery.c:711:6:LCD_IO_WriteMultipleData	24	static
stm32f413h_discovery.c:725:6:LCD_IO_WriteReg	16	static
stm32f413h_discovery.c:735:10:LCD_IO_ReadData	8	static
stm32f413h_discovery.c:744:6:LCD_IO_Delay	16	static
stm32f413h_discovery.c:754:6:AUDIO_IO_Init	8	static
stm32f413h_discovery.c:762:6:AUDIO_IO_DeInit	8	static
stm32f413h_discovery.c:773:6:AUDIO_IO_Write	32	static
stm32f413h_discovery.c:790:10:AUDIO_IO_Read	32	static
stm32f413h_discovery.c:814:10:TS_IO_ReadMultiple	24	static
stm32f413h_discovery.c:827:6:TS_IO_WriteMultiple	24	static
stm32f413h_discovery.c:836:6:AUDIO_IO_Delay	16	static
stm32f413h_discovery.c:846:6:TS_IO_Init	32	static
stm32f413h_discovery.c:865:6:TS_IO_DeInit	8	static
stm32f413h_discovery.c:876:9:TS_IO_Read	32	static
stm32f413h_discovery.c:891:6:TS_IO_Write	24	static
stm32f413h_discovery.c:900:6:TS_IO_Delay	16	static
