stm32f413h_discovery_sd.c:110:9:BSP_SD_Init	16	static
stm32f413h_discovery_sd.c:163:9:BSP_SD_DeInit	16	static
stm32f413h_discovery_sd.c:186:9:BSP_SD_ITConfig	32	static
stm32f413h_discovery_sd.c:208:9:BSP_SD_IsDetected	16	static
stm32f413h_discovery_sd.c:229:9:BSP_SD_ReadBlocks	32	static
stm32f413h_discovery_sd.c:249:9:BSP_SD_WriteBlocks	32	static
stm32f413h_discovery_sd.c:268:9:BSP_SD_ReadBlocks_DMA	24	static
stm32f413h_discovery_sd.c:288:9:BSP_SD_WriteBlocks_DMA	24	static
stm32f413h_discovery_sd.c:307:9:BSP_SD_Erase	16	static
stm32f413h_discovery_sd.c:324:13:BSP_SD_MspInit	56	static
stm32f413h_discovery_sd.c:426:13:BSP_SD_Detect_MspInit	40	static
stm32f413h_discovery_sd.c:448:13:BSP_SD_MspDeInit	16	static
stm32f413h_discovery_sd.c:488:9:BSP_SD_GetCardState	8	static
stm32f413h_discovery_sd.c:498:6:BSP_SD_GetCardInfo	16	static
stm32f413h_discovery_sd.c:508:6:HAL_SD_AbortCallback	16	static
stm32f413h_discovery_sd.c:517:6:HAL_SD_TxCpltCallback	16	static
stm32f413h_discovery_sd.c:526:6:HAL_SD_RxCpltCallback	16	static
stm32f413h_discovery_sd.c:534:13:BSP_SD_AbortCallback	4	static
stm32f413h_discovery_sd.c:542:13:BSP_SD_WriteCpltCallback	4	static
stm32f413h_discovery_sd.c:550:13:BSP_SD_ReadCpltCallback	4	static
