stm32f4xx_hal_fmpi2c.c:473:19:HAL_FMPI2C_Init	16	static
stm32f4xx_hal_fmpi2c.c:582:19:HAL_FMPI2C_DeInit	16	static
stm32f4xx_hal_fmpi2c.c:628:13:HAL_FMPI2C_MspInit	16	static
stm32f4xx_hal_fmpi2c.c:644:13:HAL_FMPI2C_MspDeInit	16	static
stm32f4xx_hal_fmpi2c.c:1064:19:HAL_FMPI2C_Master_Transmit	40	static
stm32f4xx_hal_fmpi2c.c:1178:19:HAL_FMPI2C_Master_Receive	40	static
stm32f4xx_hal_fmpi2c.c:1291:19:HAL_FMPI2C_Slave_Transmit	40	static
stm32f4xx_hal_fmpi2c.c:1428:19:HAL_FMPI2C_Slave_Receive	40	static
stm32f4xx_hal_fmpi2c.c:1554:19:HAL_FMPI2C_Master_Transmit_IT	40	static
stm32f4xx_hal_fmpi2c.c:1623:19:HAL_FMPI2C_Master_Receive_IT	40	static
stm32f4xx_hal_fmpi2c.c:1690:19:HAL_FMPI2C_Slave_Transmit_IT	24	static
stm32f4xx_hal_fmpi2c.c:1739:19:HAL_FMPI2C_Slave_Receive_IT	24	static
stm32f4xx_hal_fmpi2c.c:1790:19:HAL_FMPI2C_Master_Transmit_DMA	40	static
stm32f4xx_hal_fmpi2c.c:1933:19:HAL_FMPI2C_Master_Receive_DMA	40	static
stm32f4xx_hal_fmpi2c.c:2074:19:HAL_FMPI2C_Slave_Transmit_DMA	32	static
stm32f4xx_hal_fmpi2c.c:2177:19:HAL_FMPI2C_Slave_Receive_DMA	32	static
stm32f4xx_hal_fmpi2c.c:2284:19:HAL_FMPI2C_Mem_Write	40	static
stm32f4xx_hal_fmpi2c.c:2419:19:HAL_FMPI2C_Mem_Read	40	static
stm32f4xx_hal_fmpi2c.c:2552:19:HAL_FMPI2C_Mem_Write_IT	40	static
stm32f4xx_hal_fmpi2c.c:2643:19:HAL_FMPI2C_Mem_Read_IT	40	static
stm32f4xx_hal_fmpi2c.c:2733:19:HAL_FMPI2C_Mem_Write_DMA	48	static
stm32f4xx_hal_fmpi2c.c:2877:19:HAL_FMPI2C_Mem_Read_DMA	48	static
stm32f4xx_hal_fmpi2c.c:3018:19:HAL_FMPI2C_IsDeviceReady	48	static
stm32f4xx_hal_fmpi2c.c:3160:19:HAL_FMPI2C_Master_Seq_Transmit_IT	40	static
stm32f4xx_hal_fmpi2c.c:3244:19:HAL_FMPI2C_Master_Seq_Transmit_DMA	48	static
stm32f4xx_hal_fmpi2c.c:3406:19:HAL_FMPI2C_Master_Seq_Receive_IT	40	static
stm32f4xx_hal_fmpi2c.c:3490:19:HAL_FMPI2C_Master_Seq_Receive_DMA	48	static
stm32f4xx_hal_fmpi2c.c:3650:19:HAL_FMPI2C_Slave_Seq_Transmit_IT	24	static
stm32f4xx_hal_fmpi2c.c:3745:19:HAL_FMPI2C_Slave_Seq_Transmit_DMA	32	static
stm32f4xx_hal_fmpi2c.c:3924:19:HAL_FMPI2C_Slave_Seq_Receive_IT	24	static
stm32f4xx_hal_fmpi2c.c:4019:19:HAL_FMPI2C_Slave_Seq_Receive_DMA	32	static
stm32f4xx_hal_fmpi2c.c:4194:19:HAL_FMPI2C_EnableListen_IT	16	static
stm32f4xx_hal_fmpi2c.c:4218:19:HAL_FMPI2C_DisableListen_IT	24	static
stm32f4xx_hal_fmpi2c.c:4251:19:HAL_FMPI2C_Master_Abort_IT	24	static
stm32f4xx_hal_fmpi2c.c:4313:6:HAL_FMPI2C_EV_IRQHandler	24	static
stm32f4xx_hal_fmpi2c.c:4332:6:HAL_FMPI2C_ER_IRQHandler	32	static
stm32f4xx_hal_fmpi2c.c:4381:13:HAL_FMPI2C_MasterTxCpltCallback	16	static
stm32f4xx_hal_fmpi2c.c:4397:13:HAL_FMPI2C_MasterRxCpltCallback	16	static
stm32f4xx_hal_fmpi2c.c:4412:13:HAL_FMPI2C_SlaveTxCpltCallback	16	static
stm32f4xx_hal_fmpi2c.c:4428:13:HAL_FMPI2C_SlaveRxCpltCallback	16	static
stm32f4xx_hal_fmpi2c.c:4446:13:HAL_FMPI2C_AddrCallback	16	static
stm32f4xx_hal_fmpi2c.c:4464:13:HAL_FMPI2C_ListenCpltCallback	16	static
stm32f4xx_hal_fmpi2c.c:4480:13:HAL_FMPI2C_MemTxCpltCallback	16	static
stm32f4xx_hal_fmpi2c.c:4496:13:HAL_FMPI2C_MemRxCpltCallback	16	static
stm32f4xx_hal_fmpi2c.c:4512:13:HAL_FMPI2C_ErrorCallback	16	static
stm32f4xx_hal_fmpi2c.c:4528:13:HAL_FMPI2C_AbortCpltCallback	16	static
stm32f4xx_hal_fmpi2c.c:4563:25:HAL_FMPI2C_GetState	16	static
stm32f4xx_hal_fmpi2c.c:4575:24:HAL_FMPI2C_GetMode	16	static
stm32f4xx_hal_fmpi2c.c:4586:10:HAL_FMPI2C_GetError	16	static
stm32f4xx_hal_fmpi2c.c:4611:26:FMPI2C_Master_ISR_IT	40	static
stm32f4xx_hal_fmpi2c.c:4748:26:FMPI2C_Slave_ISR_IT	32	static
stm32f4xx_hal_fmpi2c.c:4881:26:FMPI2C_Master_ISR_DMA	40	static
stm32f4xx_hal_fmpi2c.c:5016:26:FMPI2C_Slave_ISR_DMA	40	static
stm32f4xx_hal_fmpi2c.c:5155:26:FMPI2C_RequestMemoryWrite	32	static
stm32f4xx_hal_fmpi2c.c:5208:26:FMPI2C_RequestMemoryRead	32	static
stm32f4xx_hal_fmpi2c.c:5255:13:FMPI2C_ITAddrCplt	24	static
stm32f4xx_hal_fmpi2c.c:5350:13:FMPI2C_ITMasterSeqCplt	16	static
stm32f4xx_hal_fmpi2c.c:5403:13:FMPI2C_ITSlaveSeqCplt	24	static
stm32f4xx_hal_fmpi2c.c:5477:13:FMPI2C_ITMasterCplt	32	static
stm32f4xx_hal_fmpi2c.c:5620:13:FMPI2C_ITSlaveCplt	32	static
stm32f4xx_hal_fmpi2c.c:5779:13:FMPI2C_ITListenCplt	16	static
stm32f4xx_hal_fmpi2c.c:5830:13:FMPI2C_ITError	24	static
stm32f4xx_hal_fmpi2c.c:5940:13:FMPI2C_TreatErrorCallback	16	static
stm32f4xx_hal_fmpi2c.c:5978:13:FMPI2C_Flush_TXDR	16	static
stm32f4xx_hal_fmpi2c.c:5999:13:FMPI2C_DMAMasterTransmitCplt	24	static
stm32f4xx_hal_fmpi2c.c:6047:13:FMPI2C_DMASlaveTransmitCplt	24	static
stm32f4xx_hal_fmpi2c.c:6074:13:FMPI2C_DMAMasterReceiveCplt	24	static
stm32f4xx_hal_fmpi2c.c:6122:13:FMPI2C_DMASlaveReceiveCplt	24	static
stm32f4xx_hal_fmpi2c.c:6149:13:FMPI2C_DMAError	24	static
stm32f4xx_hal_fmpi2c.c:6187:13:FMPI2C_DMAAbort	24	static
stm32f4xx_hal_fmpi2c.c:6214:26:FMPI2C_WaitOnFlagUntilTimeout	24	static
stm32f4xx_hal_fmpi2c.c:6244:26:FMPI2C_WaitOnTXISFlagUntilTimeout	24	static
stm32f4xx_hal_fmpi2c.c:6281:26:FMPI2C_WaitOnSTOPFlagUntilTimeout	24	static
stm32f4xx_hal_fmpi2c.c:6315:26:FMPI2C_WaitOnRXNEFlagUntilTimeout	24	static
stm32f4xx_hal_fmpi2c.c:6378:26:FMPI2C_IsAcknowledgeFailed	24	static
stm32f4xx_hal_fmpi2c.c:6446:13:FMPI2C_TransferConfig	24	static
stm32f4xx_hal_fmpi2c.c:6465:13:FMPI2C_Enable_IRQ	24	static
stm32f4xx_hal_fmpi2c.c:6536:13:FMPI2C_Disable_IRQ	24	static
stm32f4xx_hal_fmpi2c.c:6599:13:FMPI2C_ConvertOtherXferOptions	16	static
